--- Simulating Salary Calculation for Raghav ---
node : Calculation Error: 
Error: Argument passed to 
findByPk is invalid: 
[object Object]
At line:1 char:1
+ node -r dotenv/config 
test_late_penalty.js > 
test_output.txt 2>&1
+ ~~~~~~~~~~~~~~~~~~~~~~~~
~~~~~~~~~~~~~~~~~~~~~~~~~~
~~~~~~~~~~~~~~~
    + CategoryInfo        
      : NotSpecified: (C  
  alculation Err...[obj   
 ect Object]:String) [    
], RemoteException
    + FullyQualifiedError 
   Id : NativeCommandErr  
  or
 
    at User.findByPk (C:\U
sers\chira\Pictures\thinkt
echAttendence\backend\node
_modules\sequelize\lib\mod
el.js:1219:13)
    at calculateSalary (C:
\Users\chira\Pictures\thin
ktechAttendence\backend\sr
c\services\payrollService.
js:304:24)
    at test (C:\Users\chir
a\Pictures\thinktechAttend
ence\backend\test_late_pen
alty.js:22:31)
    at process.processTick
sAndRejections (node:inter
nal/process/task_queues:95
:5)
